
> cln-portoreza@0.1.0 build
> next build

Γû▓ Next.js 16.3.0 (Turbopack)
Γ£ô Running next.config.ts took 52ms

  Creating an optimized production build ...
Γ£ô Compiled successfully in 812ms
  Running TypeScript ...
  Finished TypeScript in 2.4s ...
  Collecting page data using 11 workers ...
  Generating static pages using 11 workers (0/28) ...
  Generating static pages using 11 workers (7/28) 
  Generating static pages using 11 workers (14/28) 
  Generating static pages using 11 workers (21/28) 
Γ£ô Generating static pages using 11 workers (28/28) in 946ms
  Finalizing page optimization ...

Route (app)
Γöî Γùï /
Γö£ Γùï /_not-found
Γö£ Γùï /about
Γö£   /brand/[slug]
Γöé Γö£ ΓùÅ /brand/keychron
Γöé Γö£ ΓùÅ /brand/razer
Γöé Γö£ ΓùÅ /brand/logitech
Γöé Γöö ΓùÅ [+2 more paths]
Γö£   /category/[slug]
Γöé Γö£ ΓùÅ /category/keyboard
Γöé Γö£ ΓùÅ /category/mouse
Γöé Γö£ ΓùÅ /category/headset
Γöé Γöö ΓùÅ [+5 more paths]
Γö£ Γùï /reviews
Γö£   /reviews/[slug]
Γöé Γö£ ΓùÅ /reviews/keychron-k2-he
Γöé Γö£ ΓùÅ /reviews/razer-viper-v3-pro
Γöé Γö£ ΓùÅ /reviews/logitech-g-pro-x-2
Γöé Γöö ΓùÅ [+3 more paths]
Γö£ Γùï /robots.txt
Γö£ Γùï /search
Γöö Γùï /sitemap.xml


Γùï  (Static)  prerendered as static content
ΓùÅ  (SSG)     prerendered as static HTML (uses generateStaticParams)

